PS C:\Users\dh90735\Documents\Uni\PMW> git init
Initialized empty Git repository in C:/Users/dh90735/Documents/Uni/PMW/.git/
PS C:\Users\dh90735\Documents\Uni\PMW> git remote add origin https://github.com/RedEagle-dh/Programmierung1
PS C:\Users\dh90735\Documents\Uni\PMW> git remote -v
origin  https://github.com/RedEagle-dh/Programmierung1 (fetch)
origin  https://github.com/RedEagle-dh/Programmierung1 (push)
PS C:\Users\dh90735\Documents\Uni\PMW> git branch
PS C:\Users\dh90735\Documents\Uni\PMW> git branch -r
PS C:\Users\dh90735\Documents\Uni\PMW> git fetch
remote: Enumerating objects: 3, done.
remote: Counting objects: 100% (3/3), done.
remote: Compressing objects: 100% (2/2), done.
remote: Total 3 (delta 0), reused 0 (delta 0), pack-reused 0
Unpacking objects: 100% (3/3), 855 bytes | 95.00 KiB/s, done.
From https://github.com/RedEagle-dh/Programmierung1
 * [new branch]      main       -> origin/main
PS C:\Users\dh90735\Documents\Uni\PMW> git branch -r
  origin/main
PS C:\Users\dh90735\Documents\Uni\PMW> git branch
PS C:\Users\dh90735\Documents\Uni\PMW> git status
On branch master

No commits yet

Untracked files:
  (use "git add <file>..." to include in what will be committed)
        Woche 5/

nothing added to commit but untracked files present (use "git add" to track)
PS C:\Users\dh90735\Documents\Uni\PMW> git add .
PS C:\Users\dh90735\Documents\Uni\PMW> git commit -m "Hochladen der Hausübung Woche 5"
[master (root-commit) a6b28d0] Hochladen der Hausübung Woche 5
 4 files changed, 0 insertions(+), 0 deletions(-)
 create mode 100644 Woche 5/AnzahlDerZeichen/main.c.txt
 create mode 100644 Woche 5/Maximum/main.c.txt
 create mode 100644 Woche 5/Minimum.c.txt
 create mode 100644 Woche 5/debuggenundtesting.c.txt
PS C:\Users\dh90735\Documents\Uni\PMW> git push origin main
error: src refspec main does not match any
error: failed to push some refs to 'https://github.com/RedEagle-dh/Programmierung1'
PS C:\Users\dh90735\Documents\Uni\PMW> git branch -r
  origin/main
PS C:\Users\dh90735\Documents\Uni\PMW> git checkout -b main
Switched to a new branch 'main'
PS C:\Users\dh90735\Documents\Uni\PMW> git checkout -b main
fatal: A branch named 'main' already exists.
PS C:\Users\dh90735\Documents\Uni\PMW> git push origin main --set-upsteam
error: unknown option `set-upsteam'
usage: git push [<options>] [<repository> [<refspec>...]]

    -v, --verbose         be more verbose
    -q, --quiet           be more quiet
    --repo <repository>   repository
    --all                 push all refs
    --mirror              mirror all refs
    -d, --delete          delete refs
    --tags                push tags (can't be used with --all or --mirror)
    -n, --dry-run         dry run
    --porcelain           machine-readable output
    -f, --force           force updates
    --force-with-lease[=<refname>:<expect>]
                          require old value of ref to be at this value
    --force-if-includes   require remote updates to be integrated locally
    --recurse-submodules (check|on-demand|no)
                          control recursive pushing of submodules
    --thin                use thin pack
    --receive-pack <receive-pack>
                          receive pack program
    --exec <receive-pack>
                          receive pack program
    -u, --set-upstream    set upstream for git pull/status
    --progress            force progress reporting
    --prune               prune locally removed refs
    --no-verify           bypass pre-push hook
    --follow-tags         push missing but relevant tags
    --signed[=(yes|no|if-asked)]
                          GPG sign the push
    --atomic              request atomic transaction on remote side
    -o, --push-option <server-specific>
                          option to transmit
    -4, --ipv4            use IPv4 addresses only
    -6, --ipv6            use IPv6 addresses only

PS C:\Users\dh90735\Documents\Uni\PMW> git push origin main --set-upstream
To https://github.com/RedEagle-dh/Programmierung1
 ! [rejected]        main -> main (non-fast-forward)
error: failed to push some refs to 'https://github.com/RedEagle-dh/Programmierung1'
hint: Updates were rejected because the tip of your current branch is behind
hint: its remote counterpart. Integrate the remote changes (e.g.
hint: 'git pull ...') before pushing again.
hint: See the 'Note about fast-forwards' in 'git push --help' for details.
PS C:\Users\dh90735\Documents\Uni\PMW> git log --oneline --graph --all
* a6b28d0 (HEAD -> main, master) Hochladen der Hausübung Woche 5
* f986270 (origin/main) Initial commit
PS C:\Users\dh90735\Documents\Uni\PMW> git rebase f986270
Successfully rebased and updated refs/heads/main.
PS C:\Users\dh90735\Documents\Uni\PMW> git log --oneline --graph --all
* 3e4c97c (HEAD -> main) Hochladen der Hausübung Woche 5
* f986270 (origin/main) Initial commit
* a6b28d0 (master) Hochladen der Hausübung Woche 5
PS C:\Users\dh90735\Documents\Uni\PMW> git push origin main --set-upstream
Enumerating objects: 6, done.
Counting objects: 100% (6/6), done.
Delta compression using up to 12 threads
Compressing objects: 100% (3/3), done.
Writing objects: 100% (5/5), 479 bytes | 119.00 KiB/s, done.
Total 5 (delta 0), reused 0 (delta 0), pack-reused 0
To https://github.com/RedEagle-dh/Programmierung1
   f986270..3e4c97c  main -> main
Branch 'main' set up to track remote branch 'main' from 'origin'.
PS C:\Users\dh90735\Documents\Uni\PMW>